;IR code
;LABEL main
;LINK 
;STOREI 2 $T1
;STOREI $T1 i
;STOREI 42 $T2
;STOREI $T2 a
;STOREI 5 $T3
;GEI i $T3 label1
;STOREI 2 $T4
;STOREI $T4 a
;JUMP label2
;LABEL label1
;STOREI 1 $T5
;STOREI $T5 a
;LABEL label2
;RET
;tiny code
var i
var a
label main 
move 2 r0
move r0 i
move 42 r1
move r1 a
move 5 r2
cmpi i r2
jge label1
move 2 r3
move r3 a
jmp label2 
label label1 
move 1 r4
move r4 a
label label2 
sys halt
